2026-08-24 08:35:56 INFO     [+] Loading ruleset(s)
2026-08-24 08:35:56 INFO         [>] Converting Native Sigma to Zircolite ruleset : [link=file:///C:/Users/Anagha/Documents/sigma-detection-project/rules/t1003_lsass_memory_access.yml][cyan]rules\t1003_lsass_memory_access.yml[/][/link]
2026-08-24 08:35:56 INFO     [green]\[✓][/] Converted [cyan]1[/] rules
2026-08-24 08:35:56 INFO     [+] 1 rules loaded
2026-08-24 08:35:56 INFO     [+] Event filter enabled: [cyan]1[/] eventIDs
2026-08-24 08:35:56 INFO     [+] Checking prerequisites
2026-08-24 08:35:57 INFO     [+] Auto-detected log type: [cyan]windows_evtx[/] ([yellow]evtx[/]) - confidence: [green]high[/]
2026-08-24 08:35:57 INFO     [+] Auto-detected timestamp field: [cyan]SystemTime[/]
2026-08-24 08:35:57 INFO     [+] Processing [yellow]1[/] file(s) separately in streaming mode
2026-08-24 08:35:57 INFO     [+] Processing file: [link=file:///C:/Users/Anagha/Documents/sigma-detection-project/test-logs/EVTX-ATTACK-SAMPLES/Credential%20Access/sysmon_10_lsass_mimikatz_sekurlsa_logonpasswords.evtx][cyan]sysmon_10_lsass_mimikatz_sekurlsa_logonpasswords.evtx[/][/link]
2026-08-24 08:35:57 INFO     [+] Processing events (streaming mode)
2026-08-24 08:35:59 INFO     [+] Creating dynamic model
2026-08-24 08:35:59 INFO     [+] Creating indexes
2026-08-24 08:35:59 INFO     [+] Total events processed: [magenta]1[/] ([dim]0 filtered out by log source[/])
2026-08-24 08:35:59 INFO     [+] Executing ruleset for [link=file:///C:/Users/Anagha/Documents/sigma-detection-project/test-logs/EVTX-ATTACK-SAMPLES/Credential%20Access/sysmon_10_lsass_mimikatz_sekurlsa_logonpasswords.evtx][cyan]sysmon_10_lsass_mimikatz_sekurlsa_logonpasswords.evtx[/][/link] - [yellow]1[/] rules
2026-08-24 08:42:31 INFO     [+] Loading ruleset(s)
2026-08-24 08:42:31 INFO         [>] Converting Native Sigma to Zircolite ruleset : [link=file:///C:/Users/Anagha/Documents/sigma-detection-project/rules/t1055_createremotethread_injection.yml][cyan]rules\t1055_createremotethread_injection.yml[/][/link]
2026-08-24 08:42:31 INFO     [green]\[✓][/] Converted [cyan]1[/] rules
2026-08-24 08:42:32 INFO     [+] 1 rules loaded
2026-08-24 08:42:32 INFO     [+] Event filter enabled: [cyan]1[/] eventIDs
2026-08-24 08:42:32 INFO     [+] Checking prerequisites
2026-08-24 08:42:32 INFO     [+] Auto-detected log type: [cyan]windows_evtx[/] ([yellow]evtx[/]) - confidence: [green]high[/]
2026-08-24 08:42:32 INFO     [+] Auto-detected timestamp field: [cyan]SystemTime[/]
2026-08-24 08:42:32 INFO     [+] Loading all [yellow]34[/] file(s) into a single unified database
2026-08-24 08:42:32 INFO     [+] Processing events (streaming mode)
2026-08-24 08:42:32 INFO     [+] Creating dynamic model
2026-08-24 08:42:32 INFO     [+] Creating indexes
2026-08-24 08:42:32 INFO     [+] Total events processed: [magenta]9[/] ([dim]532 filtered out by log source[/])
2026-08-24 08:42:32 INFO     [+] Executing ruleset against unified database ([magenta]9[/] events) - [yellow]1[/] rules
2026-08-24 08:45:57 INFO     [+] Loading ruleset(s)
2026-08-24 08:45:57 INFO         [>] Converting Native Sigma to Zircolite ruleset : [link=file:///C:/Users/Anagha/Documents/sigma-detection-project/rules/t1055_createremotethread_injection.yml][cyan]rules\t1055_createremotethread_injection.yml[/][/link]
2026-08-24 08:45:57 INFO     [green]\[✓][/] Converted [cyan]1[/] rules
2026-08-24 08:45:57 INFO     [+] 1 rules loaded
2026-08-24 08:45:57 INFO     [+] Event filter enabled: [cyan]1[/] eventIDs
2026-08-24 08:45:57 INFO     [+] Checking prerequisites
2026-08-24 08:45:57 INFO     [+] Auto-detected log type: [cyan]windows_evtx[/] ([yellow]evtx[/]) - confidence: [green]high[/]
2026-08-24 08:45:57 INFO     [+] Auto-detected timestamp field: [cyan]SystemTime[/]
2026-08-24 08:46:01 INFO     [+] Processed: [cyan]34[/] files │ [magenta]9[/] events │ [yellow]3.3s[/] │ [green]3[/] events/s
2026-08-24 08:46:01 WARNING  [!] Memory pressure deferred [yellow]33[/] submission(s)
2026-08-24 08:46:01 INFO     [+] Total events processed: [magenta]9[/] ([dim]532 filtered out by log source[/])
2026-08-24 08:47:11 INFO     [+] Loading ruleset(s)
2026-08-24 08:47:11 INFO         [>] Converting Native Sigma to Zircolite ruleset : [link=file:///C:/Users/Anagha/Documents/sigma-detection-project/rules/t1055_createremotethread_injection.yml][cyan]rules\t1055_createremotethread_injection.yml[/][/link]
2026-08-24 08:47:11 INFO     [green]\[✓][/] Converted [cyan]1[/] rules
2026-08-24 08:47:11 INFO     [+] 1 rules loaded
2026-08-24 08:47:11 INFO     [+] Event filter enabled: [cyan]1[/] eventIDs
2026-08-24 08:47:11 INFO     [+] Checking prerequisites
2026-08-24 08:47:11 INFO     [+] Auto-detected log type: [cyan]windows_evtx[/] ([yellow]evtx[/]) - confidence: [green]high[/]
2026-08-24 08:47:11 INFO     [+] Auto-detected timestamp field: [cyan]SystemTime[/]
2026-08-24 08:47:11 INFO     [+] Loading all [yellow]34[/] file(s) into a single unified database
2026-08-24 08:47:11 INFO     [+] Processing events (streaming mode)
2026-08-24 08:47:11 INFO     [+] Creating dynamic model
2026-08-24 08:47:11 INFO     [+] Creating indexes
2026-08-24 08:47:11 INFO     [+] Total events processed: [magenta]9[/] ([dim]532 filtered out by log source[/])
2026-08-24 08:47:11 INFO     [+] Executing ruleset against unified database ([magenta]9[/] events) - [yellow]1[/] rules
2026-08-24 08:54:15 INFO     [+] Loading ruleset(s)
2026-08-24 08:54:15 INFO         [>] Converting Native Sigma to Zircolite ruleset : [link=file:///C:/Users/Anagha/Documents/sigma-detection-project/rules/t1055_createremotethread_injection.yml][cyan]rules\t1055_createremotethread_injection.yml[/][/link]
2026-08-24 08:54:15 INFO     [green]\[✓][/] Converted [cyan]1[/] rules
2026-08-24 08:54:15 INFO     [+] 1 rules loaded
2026-08-24 08:54:15 INFO     [+] Event filter enabled: [cyan]1[/] eventIDs
2026-08-24 08:54:16 INFO     [+] Checking prerequisites
2026-08-24 08:54:16 INFO     [+] Auto-detected log type: [cyan]windows_evtx[/] ([yellow]evtx[/]) - confidence: [green]high[/]
2026-08-24 08:54:16 INFO     [+] Auto-detected timestamp field: [cyan]SystemTime[/]
2026-08-24 08:54:19 INFO     [+] Processed: [cyan]34[/] files │ [magenta]9[/] events │ [yellow]3.3s[/] │ [green]3[/] events/s
2026-08-24 08:54:19 WARNING  [!] Memory pressure deferred [yellow]33[/] submission(s)
2026-08-24 08:54:19 INFO     [+] Total events processed: [magenta]9[/] ([dim]532 filtered out by log source[/])
2026-08-24 08:58:57 INFO     [+] Loading ruleset(s)
2026-08-24 08:58:57 INFO         [>] Converting Native Sigma to Zircolite ruleset : [link=file:///C:/Users/Anagha/Documents/sigma-detection-project/rules/t1059_suspicious_powershell_execution.yml][cyan]rules\t1059_suspicious_powershell_execution.yml[/][/link]
2026-08-24 08:58:57 INFO     [green]\[✓][/] Converted [cyan]1[/] rules
2026-08-24 08:58:57 INFO     [+] 1 rules loaded
2026-08-24 08:58:57 INFO     [+] Event filter enabled: [cyan]1[/] eventIDs
2026-08-24 08:58:57 INFO     [+] Checking prerequisites
2026-08-24 08:58:57 INFO     [+] Auto-detected log type: [cyan]windows_evtx[/] ([yellow]evtx[/]) - confidence: [green]high[/]
2026-08-24 08:58:57 INFO     [+] Auto-detected timestamp field: [cyan]SystemTime[/]
2026-08-24 09:00:01 INFO     [+] Processed: [cyan]278[/] files │ [magenta]1,501[/] events │ [yellow]62.9s[/] │ [green]24[/] events/s
2026-08-24 09:00:01 WARNING  [!] Memory pressure deferred [yellow]277[/] submission(s)
2026-08-24 09:00:01 INFO     [+] Total events processed: [magenta]1,501[/] ([dim]35,863 filtered out by log source[/])
2026-08-24 09:03:38 INFO     [+] Loading ruleset(s)
2026-08-24 09:03:39 INFO         [>] Converting Native Sigma to Zircolite ruleset : [link=file:///C:/Users/Anagha/Documents/sigma-detection-project/rules/t1059_suspicious_powershell_execution.yml][cyan]rules\t1059_suspicious_powershell_execution.yml[/][/link]
2026-08-24 09:03:39 INFO     [green]\[✓][/] Converted [cyan]1[/] rules
2026-08-24 09:03:39 INFO     [+] 1 rules loaded
2026-08-24 09:03:39 INFO     [+] Event filter enabled: [cyan]1[/] eventIDs
2026-08-24 09:03:39 INFO     [+] Checking prerequisites
2026-08-24 09:03:39 INFO     [+] Auto-detected log type: [cyan]windows_evtx[/] ([yellow]evtx[/]) - confidence: [green]high[/]
2026-08-24 09:03:39 INFO     [+] Auto-detected timestamp field: [cyan]SystemTime[/]
2026-08-24 09:04:13 INFO     [+] Processed: [cyan]278[/] files │ [magenta]1,501[/] events │ [yellow]34.4s[/] │ [green]44[/] events/s
2026-08-24 09:04:13 WARNING  [!] Memory pressure deferred [yellow]277[/] submission(s)
2026-08-24 09:04:14 INFO     [+] Total events processed: [magenta]1,501[/] ([dim]35,863 filtered out by log source[/])
2026-08-24 09:21:41 INFO     [+] Loading ruleset(s)
2026-08-24 09:21:41 INFO         [>] Converting Native Sigma to Zircolite ruleset : [link=file:///C:/Users/Anagha/Documents/sigma-detection-project/rules/t1059_suspicious_powershell_execution.yml][cyan]rules\t1059_suspicious_powershell_execution.yml[/][/link]
2026-08-24 09:21:41 INFO     [green]\[✓][/] Converted [cyan]1[/] rules
2026-08-24 09:21:41 INFO     [+] 1 rules loaded
2026-08-24 09:21:41 INFO     [+] Event filter enabled: [cyan]1[/] eventIDs
2026-08-24 09:21:41 INFO     [+] Checking prerequisites
2026-08-24 09:21:41 INFO     [+] Auto-detected log type: [cyan]windows_evtx[/] ([yellow]evtx[/]) - confidence: [green]high[/]
2026-08-24 09:21:41 INFO     [+] Auto-detected timestamp field: [cyan]SystemTime[/]
2026-08-24 09:21:58 INFO     [+] Processed: [cyan]278[/] files │ [magenta]1,501[/] events │ [yellow]17.0s[/] │ [green]88[/] events/s
2026-08-24 09:21:58 WARNING  [!] Memory pressure deferred [yellow]277[/] submission(s)
2026-08-24 09:21:59 INFO     [+] Total events processed: [magenta]1,501[/] ([dim]35,863 filtered out by log source[/])
2026-08-24 09:29:33 INFO     [+] Loading ruleset(s)
2026-08-24 09:29:34 INFO         [>] Converting Native Sigma to Zircolite ruleset : [link=file:///C:/Users/Anagha/Documents/sigma-detection-project/rules/t1053_scheduled_task_creation.yml][cyan]rules\t1053_scheduled_task_creation.yml[/][/link]
2026-08-24 09:29:34 INFO     [green]\[✓][/] Converted [cyan]1[/] rules
2026-08-24 09:29:34 INFO     [+] 1 rules loaded
2026-08-24 09:29:34 INFO     [+] Event filter enabled: [cyan]1[/] eventIDs
2026-08-24 09:29:34 INFO     [+] Checking prerequisites
2026-08-24 09:29:34 INFO     [+] Auto-detected log type: [cyan]windows_evtx[/] ([yellow]evtx[/]) - confidence: [green]high[/]
2026-08-24 09:29:34 INFO     [+] Auto-detected timestamp field: [cyan]SystemTime[/]
2026-08-24 09:29:50 INFO     [+] Processed: [cyan]278[/] files │ [magenta]1,501[/] events │ [yellow]16.7s[/] │ [green]90[/] events/s
2026-08-24 09:29:50 WARNING  [!] Memory pressure deferred [yellow]277[/] submission(s)
2026-08-24 09:29:51 INFO     [+] Total events processed: [magenta]1,501[/] ([dim]35,863 filtered out by log source[/])
2026-08-24 09:30:19 INFO     [+] Loading ruleset(s)
2026-08-24 09:30:19 INFO         [>] Converting Native Sigma to Zircolite ruleset : [link=file:///C:/Users/Anagha/Documents/sigma-detection-project/rules/t1112_registry_run_key_persistence.yml][cyan]rules\t1112_registry_run_key_persistence.yml[/][/link]
2026-08-24 09:30:19 INFO     [green]\[✓][/] Converted [cyan]1[/] rules
2026-08-24 09:30:19 INFO     [+] 1 rules loaded
2026-08-24 09:30:19 INFO     [+] Event filter enabled: [cyan]1[/] eventIDs
2026-08-24 09:30:19 INFO     [+] Checking prerequisites
2026-08-24 09:30:19 INFO     [+] Auto-detected log type: [cyan]windows_evtx[/] ([yellow]evtx[/]) - confidence: [green]high[/]
2026-08-24 09:30:19 INFO     [+] Auto-detected timestamp field: [cyan]SystemTime[/]
2026-08-24 09:30:35 INFO     [+] Processed: [cyan]278[/] files │ [magenta]223[/] events │ [yellow]15.6s[/] │ [green]14[/] events/s
2026-08-24 09:30:35 WARNING  [!] Memory pressure deferred [yellow]277[/] submission(s)
2026-08-24 09:30:35 INFO     [+] Total events processed: [magenta]223[/] ([dim]37,141 filtered out by log source[/])
2026-08-24 09:30:47 INFO     [+] Loading ruleset(s)
2026-08-24 09:30:47 INFO         [>] Converting Native Sigma to Zircolite ruleset : [link=file:///C:/Users/Anagha/Documents/sigma-detection-project/rules/t1564_file_hiding_attrib.yml][cyan]rules\t1564_file_hiding_attrib.yml[/][/link]
2026-08-24 09:30:47 INFO     [green]\[✓][/] Converted [cyan]1[/] rules
2026-08-24 09:30:47 INFO     [+] 1 rules loaded
2026-08-24 09:30:47 INFO     [+] Event filter enabled: [cyan]1[/] eventIDs
2026-08-24 09:30:47 INFO     [+] Checking prerequisites
2026-08-24 09:30:47 INFO     [+] Auto-detected log type: [cyan]windows_evtx[/] ([yellow]evtx[/]) - confidence: [green]high[/]
2026-08-24 09:30:47 INFO     [+] Auto-detected timestamp field: [cyan]SystemTime[/]
2026-08-24 09:31:04 INFO     [+] Processed: [cyan]278[/] files │ [magenta]1,501[/] events │ [yellow]16.4s[/] │ [green]92[/] events/s
2026-08-24 09:31:04 WARNING  [!] Memory pressure deferred [yellow]277[/] submission(s)
2026-08-24 09:31:04 INFO     [+] Total events processed: [magenta]1,501[/] ([dim]35,863 filtered out by log source[/])
2026-08-24 09:31:18 INFO     [+] Loading ruleset(s)
2026-08-24 09:31:18 INFO         [>] Converting Native Sigma to Zircolite ruleset : [link=file:///C:/Users/Anagha/Documents/sigma-detection-project/rules/t1087_account_group_discovery.yml][cyan]rules\t1087_account_group_discovery.yml[/][/link]
2026-08-24 09:31:18 INFO     [green]\[✓][/] Converted [cyan]1[/] rules
2026-08-24 09:31:18 INFO     [+] 1 rules loaded
2026-08-24 09:31:18 INFO     [+] Event filter enabled: [cyan]1[/] eventIDs
2026-08-24 09:31:18 INFO     [+] Checking prerequisites
2026-08-24 09:31:18 INFO     [+] Auto-detected log type: [cyan]windows_evtx[/] ([yellow]evtx[/]) - confidence: [green]high[/]
2026-08-24 09:31:18 INFO     [+] Auto-detected timestamp field: [cyan]SystemTime[/]
2026-08-24 09:31:34 INFO     [+] Processed: [cyan]278[/] files │ [magenta]1,501[/] events │ [yellow]16.3s[/] │ [green]92[/] events/s
2026-08-24 09:31:34 WARNING  [!] Memory pressure deferred [yellow]277[/] submission(s)
2026-08-24 09:31:34 INFO     [+] Total events processed: [magenta]1,501[/] ([dim]35,863 filtered out by log source[/])
2026-08-24 09:32:31 INFO     cli:1204 main [+] Loading ruleset(s)
2026-08-24 09:32:31 INFO     rules:856 ruleset_parsing     [>] Converting Native Sigma to Zircolite ruleset : [link=file:///C:/Users/Anagha/Documents/sigma-detection-project/rules/t1087_account_group_discovery.yml][cyan]rules\t1087_account_group_discovery.yml[/][/link]
2026-08-24 09:32:31 INFO     rules:810 sigma_rules_to_ruleset [green]\[✓][/] Converted [cyan]1[/] rules
2026-08-24 09:32:31 INFO     rules:597 __init__ [+] 1 rules loaded
2026-08-24 09:32:31 DEBUG    rules:265 _extract_filter_data EventFilter: filtering on eventID only; at least one rule names no channel
2026-08-24 09:32:31 INFO     rules:614 __init__ [+] Event filter enabled: [cyan]1[/] eventIDs
2026-08-24 09:32:31 INFO     cli:1311 main [+] Checking prerequisites
2026-08-24 09:32:31 INFO     cli:413 auto_detect_log_type [+] Auto-detected log type: [cyan]windows_evtx[/] ([yellow]evtx[/]) - confidence: [green]high[/]
2026-08-24 09:32:31 DEBUG    cli:421 auto_detect_log_type     Detection details: EVTX binary file detected via magic bytes (ElfFile header)
2026-08-24 09:32:31 INFO     cli:423 auto_detect_log_type [+] Auto-detected timestamp field: [cyan]SystemTime[/]
2026-08-24 09:32:31 DEBUG    cli:425 auto_detect_log_type     Suggested pipeline: sysmon
2026-08-24 09:32:31 INFO     processing:358 process_perfile_streaming [+] Processing [yellow]1[/] file(s) separately in streaming mode
2026-08-24 09:32:31 DEBUG    core:245 create_connection CONNECTING TO : :memory:
2026-08-24 09:32:31 INFO     processing:417 process_perfile_streaming [+] Processing file: [link=file:///C:/Users/Anagha/Documents/sigma-detection-project/test-logs/EVTX-ATTACK-SAMPLES/Discovery/discovery_local_user_or_group_windows_security_4799_4798.evtx][cyan]discovery_local_user_or_group_windows_security_4799_4798.evtx[/][/link]
2026-08-24 09:32:31 INFO     core:1355 run_streaming [+] Processing events (streaming mode)
2026-08-24 09:32:31 INFO     core:1380 run_streaming [+] Creating dynamic model
2026-08-24 09:32:31 INFO     core:1466 run_streaming [+] Creating indexes
2026-08-24 09:32:31 INFO     core:1480 run_streaming [+] Total events processed: [magenta]0[/] ([dim]3 filtered out by log source[/])
2026-08-24 09:32:31 INFO     processing:461 process_perfile_streaming [+] Executing ruleset for [link=file:///C:/Users/Anagha/Documents/sigma-detection-project/test-logs/EVTX-ATTACK-SAMPLES/Discovery/discovery_local_user_or_group_windows_security_4799_4798.evtx][cyan]discovery_local_user_or_group_windows_security_4799_4798.evtx[/][/link] - [yellow]1[/] rules
2026-08-24 09:35:35 INFO     [+] Loading ruleset(s)
2026-08-24 09:35:35 INFO         [>] Converting Native Sigma to Zircolite ruleset : [link=file:///C:/Users/Anagha/Documents/sigma-detection-project/rules/t1087b_group_enum_security_audit.yml][cyan]rules\t1087b_group_enum_security_audit.yml[/][/link]
2026-08-24 09:35:35 INFO     [green]\[✓][/] Converted [cyan]1[/] rules
2026-08-24 09:35:35 INFO     [+] 1 rules loaded
2026-08-24 09:35:35 INFO     [+] Event filter enabled: [cyan]2[/] eventIDs
2026-08-24 09:35:35 INFO     [+] Checking prerequisites
2026-08-24 09:35:35 INFO     [+] Auto-detected log type: [cyan]windows_evtx[/] ([yellow]evtx[/]) - confidence: [green]high[/]
2026-08-24 09:35:35 INFO     [+] Auto-detected timestamp field: [cyan]SystemTime[/]
2026-08-24 09:35:51 INFO     [+] Processed: [cyan]278[/] files │ [magenta]8[/] events │ [yellow]15.6s[/] │ [green]1[/] events/s
2026-08-24 09:35:51 WARNING  [!] Memory pressure deferred [yellow]277[/] submission(s)
2026-08-24 09:35:51 INFO     [+] Total events processed: [magenta]8[/] ([dim]37,356 filtered out by log source[/])
